// Jest Snapshot v1, https://goo.gl/fbAQLP

exports[`App should take a snapshot 1`] = `
<DocumentFragment>
  <div
    class="App"
  >
    <header>
      <h1
        data-testid="application-heading"
      >
        Super simple stock market
      </h1>
    </header>
    <h2
      data-testid="stock-table-title"
    >
      Stocks
    </h2>
    <table
      class="tableFormat"
      data-testid="stock-table"
    >
      <thead
        data-testid="stock-thead"
      >
        <tr
          data-testid="stock-tr"
        >
          <th>
            Stock Symbol
          </th>
          <th>
            Type
          </th>
          <th>
            Last Dividend
          </th>
          <th>
            Fixed Dividend
          </th>
          <th>
            Par Value
          </th>
          <th>
            Price
          </th>
          <th
            width="15%"
          >
            Dividend Yield
          </th>
          <th
            width="15%"
          >
            P/E Ratio
          </th>
          <th
            width="15%"
          >
            Volume Weighted Stock Price
          </th>
          <th>
            Quantity
          </th>
          <th>
            Action
          </th>
        </tr>
      </thead>
      <tbody>
        <tr
          data-testid="stock-row-0"
        >
          <td
            data-testid="stock-symbol-0"
          >
            TEA
          </td>
          <td
            data-testid="stock-type-0"
          >
            Common
          </td>
          <td
            data-testid="stock-lastdivident-0"
          >
            -
          </td>
          <td
            data-testid="stock-fixeddividend-0"
          >
            -
          </td>
          <td
            data-testid="stock-parvalue-0"
          >
            100
          </td>
          <td>
            <input
              data-testid="stock-price-0"
              min="1"
              name="price"
              type="number"
            />
          </td>
          <td
            data-testid="stock-dividentyield-0"
          />
          <td
            data-testid="stock-peratio-0"
          />
          <td
            data-testid="stock-vwsprice-0"
          />
          <td>
            <input
              data-testid="stock-quantity-0"
              min="1"
              name="quantity"
              type="number"
              value=""
            />
          </td>
          <td
            data-testid="stock-buysell-0"
          >
            <button
              data-testid="stock-buy-0"
              disabled=""
              name="buy"
            >
              Buy
            </button>
            <br />
            <br />
            <button
              data-testid="stock-sell-0"
              disabled=""
              name="sell"
            >
              Sell
            </button>
          </td>
        </tr>
        <tr
          data-testid="stock-row-1"
        >
          <td
            data-testid="stock-symbol-1"
          >
            POP
          </td>
          <td
            data-testid="stock-type-1"
          >
            Common
          </td>
          <td
            data-testid="stock-lastdivident-1"
          >
            8
          </td>
          <td
            data-testid="stock-fixeddividend-1"
          >
            -
          </td>
          <td
            data-testid="stock-parvalue-1"
          >
            100
          </td>
          <td>
            <input
              data-testid="stock-price-1"
              min="1"
              name="price"
              type="number"
            />
          </td>
          <td
            data-testid="stock-dividentyield-1"
          />
          <td
            data-testid="stock-peratio-1"
          />
          <td
            data-testid="stock-vwsprice-1"
          />
          <td>
            <input
              data-testid="stock-quantity-1"
              min="1"
              name="quantity"
              type="number"
              value=""
            />
          </td>
          <td
            data-testid="stock-buysell-1"
          >
            <button
              data-testid="stock-buy-1"
              disabled=""
              name="buy"
            >
              Buy
            </button>
            <br />
            <br />
            <button
              data-testid="stock-sell-1"
              disabled=""
              name="sell"
            >
              Sell
            </button>
          </td>
        </tr>
        <tr
          data-testid="stock-row-2"
        >
          <td
            data-testid="stock-symbol-2"
          >
            ALE
          </td>
          <td
            data-testid="stock-type-2"
          >
            Common
          </td>
          <td
            data-testid="stock-lastdivident-2"
          >
            23
          </td>
          <td
            data-testid="stock-fixeddividend-2"
          >
            -
          </td>
          <td
            data-testid="stock-parvalue-2"
          >
            60
          </td>
          <td>
            <input
              data-testid="stock-price-2"
              min="1"
              name="price"
              type="number"
            />
          </td>
          <td
            data-testid="stock-dividentyield-2"
          />
          <td
            data-testid="stock-peratio-2"
          />
          <td
            data-testid="stock-vwsprice-2"
          />
          <td>
            <input
              data-testid="stock-quantity-2"
              min="1"
              name="quantity"
              type="number"
              value=""
            />
          </td>
          <td
            data-testid="stock-buysell-2"
          >
            <button
              data-testid="stock-buy-2"
              disabled=""
              name="buy"
            >
              Buy
            </button>
            <br />
            <br />
            <button
              data-testid="stock-sell-2"
              disabled=""
              name="sell"
            >
              Sell
            </button>
          </td>
        </tr>
        <tr
          data-testid="stock-row-3"
        >
          <td
            data-testid="stock-symbol-3"
          >
            GIN
          </td>
          <td
            data-testid="stock-type-3"
          >
            Preferred
          </td>
          <td
            data-testid="stock-lastdivident-3"
          >
            8
          </td>
          <td
            data-testid="stock-fixeddividend-3"
          >
            2%
          </td>
          <td
            data-testid="stock-parvalue-3"
          >
            100
          </td>
          <td>
            <input
              data-testid="stock-price-3"
              min="1"
              name="price"
              type="number"
            />
          </td>
          <td
            data-testid="stock-dividentyield-3"
          />
          <td
            data-testid="stock-peratio-3"
          />
          <td
            data-testid="stock-vwsprice-3"
          />
          <td>
            <input
              data-testid="stock-quantity-3"
              min="1"
              name="quantity"
              type="number"
              value=""
            />
          </td>
          <td
            data-testid="stock-buysell-3"
          >
            <button
              data-testid="stock-buy-3"
              disabled=""
              name="buy"
            >
              Buy
            </button>
            <br />
            <br />
            <button
              data-testid="stock-sell-3"
              disabled=""
              name="sell"
            >
              Sell
            </button>
          </td>
        </tr>
        <tr
          data-testid="stock-row-4"
        >
          <td
            data-testid="stock-symbol-4"
          >
            GIN
          </td>
          <td
            data-testid="stock-type-4"
          >
            Common
          </td>
          <td
            data-testid="stock-lastdivident-4"
          >
            13
          </td>
          <td
            data-testid="stock-fixeddividend-4"
          >
            -
          </td>
          <td
            data-testid="stock-parvalue-4"
          >
            250
          </td>
          <td>
            <input
              data-testid="stock-price-4"
              min="1"
              name="price"
              type="number"
            />
          </td>
          <td
            data-testid="stock-dividentyield-4"
          />
          <td
            data-testid="stock-peratio-4"
          />
          <td
            data-testid="stock-vwsprice-4"
          />
          <td>
            <input
              data-testid="stock-quantity-4"
              min="1"
              name="quantity"
              type="number"
              value=""
            />
          </td>
          <td
            data-testid="stock-buysell-4"
          >
            <button
              data-testid="stock-buy-4"
              disabled=""
              name="buy"
            >
              Buy
            </button>
            <br />
            <br />
            <button
              data-testid="stock-sell-4"
              disabled=""
              name="sell"
            >
              Sell
            </button>
          </td>
        </tr>
      </tbody>
    </table>
    <br />
    <h3
      data-testid="geo-matric-mean-container"
    />
    <button
      data-testid="btn-get-geomatric-mean"
    >
      Calculate Geometric Mean
    </button>
    <br />
  </div>
</DocumentFragment>
`;
